// Vitest Snapshot v1, https://vitest.dev/guide/snapshot.html

exports[`SubGenerator bootstrap-application of dotnetcore JHipster blueprint > run > application should match snapshot 1`] = `
{
  "SERVER_SRC_DIR": "src/",
  "SERVER_TEST_DIR": "test/",
  "applicationType": "monolith",
  "applicationTypeAny": true,
  "applicationTypeGateway": false,
  "applicationTypeMicroservice": false,
  "applicationTypeMonolith": true,
  "authenticationType": "jwt",
  "authenticationTypeJwt": true,
  "authenticationTypeOauth2": false,
  "authenticationTypeSession": false,
  "authenticationUsesCsrf": false,
  "backendName": ".Net",
  "backendType": ".Net",
  "backendTypeJavaAny": false,
  "backendTypeSpringBoot": false,
  "baseName": "jhipster",
  "blueprints": [
    {
      "name": "generator-jhipster-dotnetcore",
      "version": "4.0.0",
    },
  ],
  "buildTool": "maven",
  "buildToolGradle": false,
  "buildToolMaven": true,
  "buildToolUnknown": false,
  "cacheProvider": "ehcache",
  "cacheProviderAny": true,
  "cacheProviderCaffeine": false,
  "cacheProviderEhcache": true,
  "cacheProviderHazelcast": false,
  "cacheProviderInfinispan": false,
  "cacheProviderMemcached": false,
  "cacheProviderNo": false,
  "cacheProviderRedis": false,
  "camelizedBaseName": "jhipster",
  "capitalizedBaseName": "Jhipster",
  "clientDistDir": "src/Jhipster/ClientApp/dist/",
  "clientFramework": "angular",
  "clientFrameworkAngular": true,
  "clientFrameworkAny": true,
  "clientFrameworkNo": false,
  "clientFrameworkReact": false,
  "clientFrameworkVue": false,
  "clientPackageManager": "npm",
  "clientRootDir": "src/Jhipster/ClientApp/",
  "clientSrcDir": "src/Jhipster/ClientApp/src/",
  "clientTestDir": "src/Jhipster/ClientApp/test/",
  "clientTestFrameworks": undefined,
  "clientTestFrameworksAny": true,
  "clientTestFrameworksCypress": false,
  "clientTestProject": "Jhipster/ClientApp/test/",
  "clientTheme": "none",
  "clientThemeDark": false,
  "clientThemeLight": false,
  "clientThemeNone": true,
  "clientThemePrimary": false,
  "clientThemeVariant": "",
  "communicationSpringWebsocket": false,
  "cqrsEnabled": undefined,
  "cucumberTests": false,
  "cypressTests": false,
  "dasherizedBaseName": "jhipster",
  "databaseMigration": undefined,
  "databaseMigrationLiquibase": false,
  "databaseType": "sqllite",
  "databaseTypeAny": true,
  "databaseTypeCassandra": false,
  "databaseTypeCouchbase": false,
  "databaseTypeMongodb": false,
  "databaseTypeNeo4j": false,
  "databaseTypeNo": false,
  "databaseTypeSql": false,
  "databaseTypeSqllite": true,
  "devDatabaseType": "postgresql",
  "devDatabaseTypeH2Any": undefined,
  "devServerPort": undefined,
  "dockerContainers": {
    "apachepulsar/pulsar": "apachepulsar-pulsar-placeholder",
    "cassandra": "cassandra-placeholder",
    "cassandraImage": "cassandra-image-placeholder",
    "cassandraTag": "cassandra-tag-placeholder",
    "confluentinc/cp-kafka": "confluentinc-cp-kafka-placeholder",
    "confluentinc/cp-zookeeper": "confluentinc-cp-zookeeper-placeholder",
    "consul": "consul-placeholder",
    "consulConfigLoader": "consul-config-loader-placeholder",
    "consulConfigLoaderImage": "consul-config-loader-image-placeholder",
    "consulConfigLoaderTag": "consul-config-loader-tag-placeholder",
    "consulImage": "consul-image-placeholder",
    "consulTag": "consul-tag-placeholder",
    "couchbase": "couchbase-placeholder",
    "couchbase/server": "couchbase-server-placeholder",
    "couchbaseImage": "couchbase-image-placeholder",
    "couchbaseTag": "couchbase-tag-placeholder",
    "docker.io/bitnami/consul": "docker-io-bitnami-consul-placeholder",
    "eclipse-temurin": "eclipse-temurin-placeholder",
    "eclipseTemurin": "eclipse-temurin-placeholder",
    "eclipseTemurinImage": "eclipse-temurin-image-placeholder",
    "eclipseTemurinTag": "eclipse-temurin-tag-placeholder",
    "elasticsearch": "elasticsearch-placeholder",
    "elasticsearchImage": "elasticsearch-image-placeholder",
    "elasticsearchTag": "elasticsearch-tag-placeholder",
    "grafana": "grafana-placeholder",
    "grafana/grafana": "grafana-grafana-placeholder",
    "grafanaImage": "grafana-image-placeholder",
    "grafanaTag": "grafana-tag-placeholder",
    "grafanaWatcher": "grafana-watcher-placeholder",
    "grafanaWatcherImage": "grafana-watcher-image-placeholder",
    "grafanaWatcherTag": "grafana-watcher-tag-placeholder",
    "hazelcast": "hazelcast-placeholder",
    "hazelcast/management-center": "hazelcast-management-center-placeholder",
    "hazelcastImage": "hazelcast-image-placeholder",
    "hazelcastTag": "hazelcast-tag-placeholder",
    "javaJre": "java-jre-placeholder",
    "javaJreImage": "java-jre-image-placeholder",
    "javaJreTag": "java-jre-tag-placeholder",
    "jenkins": "jenkins-placeholder",
    "jenkins/jenkins": "jenkins-jenkins-placeholder",
    "jenkinsImage": "jenkins-image-placeholder",
    "jenkinsTag": "jenkins-tag-placeholder",
    "jhipster/consul-config-loader": "jhipster-consul-config-loader-placeholder",
    "jhipster/jhipster-control-center": "jhipster-jhipster-control-center-placeholder",
    "jhipster/jhipster-registry": "jhipster-jhipster-registry-placeholder",
    "jhipsterControlCenter": "jhipster-control-center-placeholder",
    "jhipsterControlCenterImage": "jhipster-control-center-image-placeholder",
    "jhipsterControlCenterTag": "jhipster-control-center-tag-placeholder",
    "jhipsterRegistry": "jhipster-registry-placeholder",
    "jhipsterRegistryImage": "jhipster-registry-image-placeholder",
    "jhipsterRegistryTag": "jhipster-registry-tag-placeholder",
    "kafka": "kafka-placeholder",
    "kafkaImage": "kafka-image-placeholder",
    "kafkaTag": "kafka-tag-placeholder",
    "keycloak": "keycloak-placeholder",
    "keycloakImage": "keycloak-image-placeholder",
    "keycloakTag": "keycloak-tag-placeholder",
    "mariadb": "mariadb-placeholder",
    "mariadbImage": "mariadb-image-placeholder",
    "mariadbTag": "mariadb-tag-placeholder",
    "mcr.microsoft.com/mssql/server": "mcr-microsoft-com-mssql-server-placeholder",
    "memcached": "memcached-placeholder",
    "memcachedImage": "memcached-image-placeholder",
    "memcachedTag": "memcached-tag-placeholder",
    "mongo": "mongo-placeholder",
    "mongoImage": "mongo-image-placeholder",
    "mongoTag": "mongo-tag-placeholder",
    "mongodb": "mongodb-placeholder",
    "mongodbImage": "mongodb-image-placeholder",
    "mongodbTag": "mongodb-tag-placeholder",
    "mssql": "mssql-placeholder",
    "mssqlImage": "mssql-image-placeholder",
    "mssqlTag": "mssql-tag-placeholder",
    "mysql": "mysql-placeholder",
    "mysqlImage": "mysql-image-placeholder",
    "mysqlTag": "mysql-tag-placeholder",
    "neo4J": "neo-4-j-placeholder",
    "neo4JImage": "neo-4-j-image-placeholder",
    "neo4JTag": "neo-4-j-tag-placeholder",
    "neo4j": "neo-4-j-placeholder",
    "openzipkin/zipkin": "openzipkin-zipkin-placeholder",
    "postgres": "postgres-placeholder",
    "postgresImage": "postgres-image-placeholder",
    "postgresTag": "postgres-tag-placeholder",
    "postgresql": "postgresql-placeholder",
    "postgresqlImage": "postgresql-image-placeholder",
    "postgresqlTag": "postgresql-tag-placeholder",
    "prom/alertmanager": "prom-alertmanager-placeholder",
    "prom/prometheus": "prom-prometheus-placeholder",
    "prometheus": "prometheus-placeholder",
    "prometheusAlertmanager": "prometheus-alertmanager-placeholder",
    "prometheusAlertmanagerImage": "prometheus-alertmanager-image-placeholder",
    "prometheusAlertmanagerTag": "prometheus-alertmanager-tag-placeholder",
    "prometheusImage": "prometheus-image-placeholder",
    "prometheusOperator": "prometheus-operator-placeholder",
    "prometheusOperatorImage": "prometheus-operator-image-placeholder",
    "prometheusOperatorTag": "prometheus-operator-tag-placeholder",
    "prometheusTag": "prometheus-tag-placeholder",
    "pulsar": "pulsar-placeholder",
    "pulsarImage": "pulsar-image-placeholder",
    "pulsarTag": "pulsar-tag-placeholder",
    "quay.io/coreos/grafana-watcher": "quay-io-coreos-grafana-watcher-placeholder",
    "quay.io/coreos/prometheus-operator": "quay-io-coreos-prometheus-operator-placeholder",
    "quay.io/keycloak/keycloak": "quay-io-keycloak-keycloak-placeholder",
    "redis": "redis-placeholder",
    "redisImage": "redis-image-placeholder",
    "redisTag": "redis-tag-placeholder",
    "sonar": "sonar-placeholder",
    "sonarImage": "sonar-image-placeholder",
    "sonarTag": "sonar-tag-placeholder",
    "sonarqube": "sonarqube-placeholder",
    "sonarqubeImage": "sonarqube-image-placeholder",
    "sonarqubeTag": "sonarqube-tag-placeholder",
    "swaggerEditor": "swagger-editor-placeholder",
    "swaggerEditorImage": "swagger-editor-image-placeholder",
    "swaggerEditorTag": "swagger-editor-tag-placeholder",
    "swaggerapi/swagger-editor": "swaggerapi-swagger-editor-placeholder",
    "zipkin": "zipkin-placeholder",
    "zipkinImage": "zipkin-image-placeholder",
    "zipkinTag": "zipkin-tag-placeholder",
    "zookeeper": "zookeeper-placeholder",
    "zookeeperImage": "zookeeper-image-placeholder",
    "zookeeperTag": "zookeeper-tag-placeholder",
  },
  "dockerServicesDir": "docker/",
  "documentationArchiveUrl": "https://www.jhipster.tech/documentation-archive/vJHIPSTER_VERSION",
  "dtoSuffix": "Dto",
  "embeddableLaunchScript": undefined,
  "enableGradleEnterprise": false,
  "enableHibernateCache": true,
  "enableI18nRTL": false,
  "enableSwaggerCodegen": false,
  "enableTranslation": true,
  "endpointPrefix": "",
  "entitySuffix": "",
  "fakerSeed": undefined,
  "feignClient": undefined,
  "frontendAppName": "jhipsterApp",
  "gatewayServerPort": undefined,
  "gatlingTests": false,
  "generateAuthenticationApi": true,
  "generateBuiltInAuthorityEntity": true,
  "generateBuiltInUserEntity": true,
  "generateInMemoryUserCredentials": false,
  "generateUserManagement": true,
  "gradleEnterpriseHost": undefined,
  "gradleVersion": "GRADLE_VERSION",
  "hipster": "jhipster_family_member_3",
  "humanizedBaseName": "Jhipster",
  "imperativeOrReactive": "imperative",
  "incrementalChangelog": undefined,
  "javaDependencies": {
    "archunit-junit5": "'ARCHUNIT-JUNIT-5-VERSION'",
    "awaitility": "'AWAITILITY-VERSION'",
    "blockhound-junit-platform": "'BLOCKHOUND-JUNIT-PLATFORM-VERSION'",
    "cassandra": "'CASSANDRA-VERSION'",
    "checkstyle": "'CHECKSTYLE-VERSION'",
    "checksum-maven-plugin": "'CHECKSUM-MAVEN-PLUGIN-VERSION'",
    "common-custom-user-data-gradle-plugin": "'COMMON-CUSTOM-USER-DATA-GRADLE-PLUGIN-VERSION'",
    "commons-beanutils": "'COMMONS-BEANUTILS-VERSION'",
    "frontend-maven-plugin": "'FRONTEND-MAVEN-PLUGIN-VERSION'",
    "gatling": "'GATLING-VERSION'",
    "gatling-gradle": "'GATLING-GRADLE-VERSION'",
    "gatling-maven-plugin": "'GATLING-MAVEN-PLUGIN-VERSION'",
    "git-commit-id-maven-plugin": "'GIT-COMMIT-ID-MAVEN-PLUGIN-VERSION'",
    "gradle-enterprise": "'GRADLE-ENTERPRISE-VERSION'",
    "gradle-git-properties": "'GRADLE-GIT-PROPERTIES-VERSION'",
    "gradle-liquibase": "'GRADLE-LIQUIBASE-VERSION'",
    "gradle-modernizer-plugin": "'GRADLE-MODERNIZER-PLUGIN-VERSION'",
    "gradle-sonarqube": "'GRADLE-SONARQUBE-VERSION'",
    "h2": "'H-2-VERSION'",
    "hazelcast-hibernate53": "'HAZELCAST-HIBERNATE-53-VERSION'",
    "hazelcast-spring": "'HAZELCAST-SPRING-VERSION'",
    "hibernate": "'HIBERNATE-VERSION'",
    "jackson-databind-nullable": "'JACKSON-DATABIND-NULLABLE-VERSION'",
    "jacoco-maven-plugin": "'JACOCO-MAVEN-PLUGIN-VERSION'",
    "jaxb-runtime": "'JAXB-RUNTIME-VERSION'",
    "jib-maven-plugin": "'JIB-MAVEN-PLUGIN-VERSION'",
    "junit-platform-launcher": "'JUNIT-PLATFORM-LAUNCHER-VERSION'",
    "lifecycle-mapping": "'LIFECYCLE-MAPPING-VERSION'",
    "liquibase": "'LIQUIBASE-VERSION'",
    "mapstruct": "'MAPSTRUCT-VERSION'",
    "maven-antrun-plugin": "'MAVEN-ANTRUN-PLUGIN-VERSION'",
    "maven-checkstyle-plugin": "'MAVEN-CHECKSTYLE-PLUGIN-VERSION'",
    "maven-clean-plugin": "'MAVEN-CLEAN-PLUGIN-VERSION'",
    "maven-compiler-plugin": "'MAVEN-COMPILER-PLUGIN-VERSION'",
    "maven-eclipse-plugin": "'MAVEN-ECLIPSE-PLUGIN-VERSION'",
    "maven-enforcer-plugin": "'MAVEN-ENFORCER-PLUGIN-VERSION'",
    "maven-failsafe-plugin": "'MAVEN-FAILSAFE-PLUGIN-VERSION'",
    "maven-idea-plugin": "'MAVEN-IDEA-PLUGIN-VERSION'",
    "maven-jar-plugin": "'MAVEN-JAR-PLUGIN-VERSION'",
    "maven-javadoc-plugin": "'MAVEN-JAVADOC-PLUGIN-VERSION'",
    "maven-resources-plugin": "'MAVEN-RESOURCES-PLUGIN-VERSION'",
    "maven-site-plugin": "'MAVEN-SITE-PLUGIN-VERSION'",
    "maven-surefire-plugin": "'MAVEN-SUREFIRE-PLUGIN-VERSION'",
    "maven-war-plugin": "'MAVEN-WAR-PLUGIN-VERSION'",
    "micrometer-context-propagation": "'MICROMETER-CONTEXT-PROPAGATION-VERSION'",
    "modernizer-maven-plugin": "'MODERNIZER-MAVEN-PLUGIN-VERSION'",
    "node-gradle": "'NODE-GRADLE-VERSION'",
    "nohttp-checkstyle": "'NOHTTP-CHECKSTYLE-VERSION'",
    "openapi-generator-maven-plugin": "'OPENAPI-GENERATOR-MAVEN-PLUGIN-VERSION'",
    "picocli": "'PICOCLI-VERSION'",
    "properties-maven-plugin": "'PROPERTIES-MAVEN-PLUGIN-VERSION'",
    "sonar-maven-plugin": "'SONAR-MAVEN-PLUGIN-VERSION'",
    "spotless-gradle-plugin": "'SPOTLESS-GRADLE-PLUGIN-VERSION'",
    "spotless-maven-plugin": "'SPOTLESS-MAVEN-PLUGIN-VERSION'",
    "spring-boot": "'SPRING-BOOT-VERSION'",
    "spring-pulsar": "'SPRING-PULSAR-VERSION'",
    "typesafe": "'TYPESAFE-VERSION'",
    "validation-api": "'VALIDATION-API-VERSION'",
  },
  "javaPackageSrcDir": "src/main/java/com/mycompany/myapp/",
  "javaPackageTestDir": "src/test/java/com/mycompany/myapp/",
  "javaVersion": "JAVA_VERSION",
  "jhiPrefix": "jhi",
  "jhiPrefixCapitalized": "Jhi",
  "jhiPrefixDashed": "jhi",
  "jhiTablePrefix": "jhi",
  "jhipsterDotnetVersion": "JHIPSTER_DOTNET_VERSION",
  "jhipsterVersion": "JHIPSTER_VERSION",
  "jwtSecretKey": undefined,
  "kebabCasedBaseName": "jhipster",
  "languages": [],
  "languagesDefinition": [],
  "lowercaseBaseName": "jhipster",
  "mainClass": "JhipsterApp",
  "mainClientAppDir": "Jhipster/ClientApp/src/",
  "mainClientDir": "Jhipster/ClientApp/",
  "mainJavaDir": "src/main/java/",
  "mainJavaPackageDir": "src/main/java/com/mycompany/myapp/",
  "mainJavaResourceDir": "src/main/resources/",
  "mainProjectDir": "Jhipster/",
  "messageBroker": "no",
  "messageBrokerAny": false,
  "messageBrokerKafka": false,
  "messageBrokerPulsar": false,
  "microfrontend": false,
  "microfrontends": undefined,
  "modelSuffix": "Model",
  "namespace": "Jhipster",
  "nativeLanguage": "en",
  "nativeLanguageDefinition": {
    "angularLocale": "en",
    "dayjsLocale": "en",
    "displayName": "English",
    "fakerjsLocale": "en",
    "javaLocaleMessageSourceSuffix": "en",
    "languageTag": "en",
    "name": "English",
    "rtl": false,
  },
  "nodeDependencies": {
    "concurrently": "CONCURRENTLY_VERSION",
    "husky": "HUSKY_VERSION",
    "lint-staged": "LINT_STAGED_VERSION",
    "npm": "NPM_VERSION",
    "prettier": "PRETTIER_VERSION",
    "prettier-plugin-java": "PRETTIER_PLUGIN_JAVA_VERSION",
    "prettier-plugin-packagejson": "PRETTIER_PLUGIN_PACKAGEJSON_VERSION",
    "wait-on": "WAIT_ON_VERSION",
  },
  "nodePackageManager": "npm",
  "nodeVersion": "NODE_VERSION",
  "packageFolder": "com/mycompany/myapp/",
  "packageInfoJavadocs": [],
  "packageName": "com.mycompany.myapp",
  "pages": [],
  "pascalizedBaseName": "Jhipster",
  "prettierExtensions": "md,json,yml,html,cjs,mjs,js,ts,tsx,css,scss,java",
  "prettierJava": undefined,
  "primaryKeyType": "long",
  "prodDatabaseType": "postgresql",
  "prodDatabaseTypeMariadb": undefined,
  "prodDatabaseTypeMssql": undefined,
  "prodDatabaseTypePostgresql": undefined,
  "projectDescription": "Description for JHipster",
  "reactive": false,
  "relativeMainAppDir": "ClientApp/src/",
  "relativeMainClientDir": "ClientApp/",
  "relativeMainTestDir": "ClientApp/test/",
  "rememberMeKey": undefined,
  "searchEngine": "no",
  "searchEngineAny": false,
  "searchEngineCouchbase": false,
  "searchEngineElasticsearch": false,
  "searchEngineNo": true,
  "serverPort": 8080,
  "serverPortSecured": 8081,
  "serviceDiscoveryAny": false,
  "serviceDiscoveryConsul": false,
  "serviceDiscoveryEureka": false,
  "serviceDiscoveryType": "no",
  "skipCheckLengthOfIdentifier": false,
  "skipClient": undefined,
  "skipCommitHook": true,
  "skipFakeData": false,
  "skipJhipsterDependencies": undefined,
  "skipServer": undefined,
  "skipUserManagement": false,
  "solutionName": "Jhipster",
  "srcMainDir": "src/main/",
  "srcMainJava": "src/main/java/",
  "srcMainResources": "src/main/resources/",
  "srcMainWebapp": "src/main/webapp/",
  "srcTestDir": "src/test/",
  "srcTestJava": "src/test/java/",
  "srcTestJavascript": "src/test/javascript/",
  "srcTestResources": "src/test/resources/",
  "temporaryDir": "tmp/",
  "testFrameworks": [],
  "testJavaDir": "src/test/java/",
  "testJavaPackageDir": "src/test/java/com/mycompany/myapp/",
  "testProjectDir": "Jhipster.Test/",
  "testResourceDir": "src/test/resources/",
  "upperFirstCamelCaseBaseName": "Jhipster",
  "useNpmWrapper": false,
  "user": undefined,
  "websocket": "no",
  "withAdminUi": false,
  "withTerraformAzureScripts": undefined,
}
`;

exports[`SubGenerator bootstrap-application of dotnetcore JHipster blueprint > run > should succeed 1`] = `
{
  ".yo-rc.json": {
    "stateCleared": "modified",
  },
}
`;
