// Vitest Snapshot v1, https://vitest.dev/guide/snapshot.html

exports[`SubGenerator common of dotnetcore JHipster blueprint > run > should succeed 1`] = `
{
  ".devcontainer/devcontainer.json": {
    "stateCleared": "modified",
  },
  ".dockerignore": {
    "stateCleared": "modified",
  },
  ".editorconfig": {
    "stateCleared": "modified",
  },
  ".gitattributes": {
    "stateCleared": "modified",
  },
  ".gitignore": {
    "stateCleared": "modified",
  },
  ".prettierignore": {
    "stateCleared": "modified",
  },
  ".prettierrc": {
    "stateCleared": "modified",
  },
  ".yo-rc.json": {
    "stateCleared": "modified",
  },
  "Dockerfile-Back": {
    "stateCleared": "modified",
  },
  "README.md": {
    "stateCleared": "modified",
  },
  "docker-entrypoint-back.sh": {
    "stateCleared": "modified",
  },
  "package.json": {
    "stateCleared": "modified",
  },
  "sonar-project.properties": {
    "stateCleared": "modified",
  },
}
`;
