// Vitest Snapshot v1, https://vitest.dev/guide/snapshot.html

exports[`SubGenerator blazor of dotnetcore JHipster blueprint > generating dto > should succeed 1`] = `
{
  ".jhipster/Person.json": {
    "stateCleared": "modified",
  },
  ".yo-rc.json": {
    "stateCleared": "modified",
  },
  "Jhipster/ClientApp/App.razor": {
    "stateCleared": "modified",
  },
  "Jhipster/ClientApp/App.razor.cs": {
    "stateCleared": "modified",
  },
  "Jhipster/ClientApp/AutoMapper/AutoMapperProfile.cs": {
    "stateCleared": "modified",
  },
  "Jhipster/ClientApp/Models/BaseModel.cs": {
    "stateCleared": "modified",
  },
  "Jhipster/ClientApp/Models/ConfigurationModel.cs": {
    "stateCleared": "modified",
  },
  "Jhipster/ClientApp/Models/JwtToken.cs": {
    "stateCleared": "modified",
  },
  "Jhipster/ClientApp/Models/LoginModel.cs": {
    "stateCleared": "modified",
  },
  "Jhipster/ClientApp/Models/Register/RegisterModel.cs": {
    "stateCleared": "modified",
  },
  "Jhipster/ClientApp/Models/Register/RegisterResultRequest.cs": {
    "stateCleared": "modified",
  },
  "Jhipster/ClientApp/Models/Register/UserSaveModel.cs": {
    "stateCleared": "modified",
  },
  "Jhipster/ClientApp/Models/UserModel.cs": {
    "stateCleared": "modified",
  },
  "Jhipster/ClientApp/Pages/Account/Register.razor": {
    "stateCleared": "modified",
  },
  "Jhipster/ClientApp/Pages/Account/Register.razor.cs": {
    "stateCleared": "modified",
  },
  "Jhipster/ClientApp/Pages/Admin/UserManagement/UserDetail.razor": {
    "stateCleared": "modified",
  },
  "Jhipster/ClientApp/Pages/Admin/UserManagement/UserDetail.razor.cs": {
    "stateCleared": "modified",
  },
  "Jhipster/ClientApp/Pages/Admin/UserManagement/UserManagement.razor": {
    "stateCleared": "modified",
  },
  "Jhipster/ClientApp/Pages/Admin/UserManagement/UserManagement.razor.cs": {
    "stateCleared": "modified",
  },
  "Jhipster/ClientApp/Pages/Admin/UserManagement/UserUpdate.razor": {
    "stateCleared": "modified",
  },
  "Jhipster/ClientApp/Pages/Admin/UserManagement/UserUpdate.razor.cs": {
    "stateCleared": "modified",
  },
  "Jhipster/ClientApp/Pages/Index.razor": {
    "stateCleared": "modified",
  },
  "Jhipster/ClientApp/Pages/Index.razor.cs": {
    "stateCleared": "modified",
  },
  "Jhipster/ClientApp/Pages/Login.razor": {
    "stateCleared": "modified",
  },
  "Jhipster/ClientApp/Pages/Login.razor.cs": {
    "stateCleared": "modified",
  },
  "Jhipster/ClientApp/Pages/Utils/INavigationService.cs": {
    "stateCleared": "modified",
  },
  "Jhipster/ClientApp/Pages/Utils/NavigationService.cs": {
    "stateCleared": "modified",
  },
  "Jhipster/ClientApp/Program.cs": {
    "stateCleared": "modified",
  },
  "Jhipster/ClientApp/Project.Client.csproj": {
    "stateCleared": "modified",
  },
  "Jhipster/ClientApp/Properties/launchSettings.json": {
    "stateCleared": "modified",
  },
  "Jhipster/ClientApp/Services/AccountServices/IRegisterService.cs": {
    "stateCleared": "modified",
  },
  "Jhipster/ClientApp/Services/AccountServices/RegisterService.cs": {
    "stateCleared": "modified",
  },
  "Jhipster/ClientApp/Services/AuthenticationService.cs": {
    "stateCleared": "modified",
  },
  "Jhipster/ClientApp/Services/EntityServices/AbstractEntityService.cs": {
    "stateCleared": "modified",
  },
  "Jhipster/ClientApp/Services/EntityServices/User/IUserService.cs": {
    "stateCleared": "modified",
  },
  "Jhipster/ClientApp/Services/EntityServices/User/UserService.cs": {
    "stateCleared": "modified",
  },
  "Jhipster/ClientApp/Services/IAuthenticationService.cs": {
    "stateCleared": "modified",
  },
  "Jhipster/ClientApp/Shared/Components/AlertError.razor": {
    "stateCleared": "modified",
  },
  "Jhipster/ClientApp/Shared/Components/AlertError.razor.cs": {
    "stateCleared": "modified",
  },
  "Jhipster/ClientApp/Shared/Components/DynInputText.razor": {
    "stateCleared": "modified",
  },
  "Jhipster/ClientApp/Shared/DeleteModal.razor": {
    "stateCleared": "modified",
  },
  "Jhipster/ClientApp/Shared/DeleteModal.razor.cs": {
    "stateCleared": "modified",
  },
  "Jhipster/ClientApp/Shared/MainLayout.razor": {
    "stateCleared": "modified",
  },
  "Jhipster/ClientApp/Shared/NavMenu.razor": {
    "stateCleared": "modified",
  },
  "Jhipster/ClientApp/Shared/NavMenu.razor.cs": {
    "stateCleared": "modified",
  },
  "Jhipster/ClientApp/_Imports.razor": {
    "stateCleared": "modified",
  },
  "Jhipster/ClientApp/libman.json": {
    "stateCleared": "modified",
  },
  "Jhipster/ClientApp/test/AlertErrorTest.cs": {
    "stateCleared": "modified",
  },
  "Jhipster/ClientApp/test/Helpers/AuthorizationHelper.cs": {
    "stateCleared": "modified",
  },
  "Jhipster/ClientApp/test/Helpers/MockAuthenticationService.cs": {
    "stateCleared": "modified",
  },
  "Jhipster/ClientApp/test/Helpers/MockAuthorizationPolicyProvider.cs": {
    "stateCleared": "modified",
  },
  "Jhipster/ClientApp/test/Helpers/MockAuthorizationService.cs": {
    "stateCleared": "modified",
  },
  "Jhipster/ClientApp/test/Helpers/MockRegisterService.cs": {
    "stateCleared": "modified",
  },
  "Jhipster/ClientApp/test/Helpers/TestPolicyRequirement.cs": {
    "stateCleared": "modified",
  },
  "Jhipster/ClientApp/test/IndexTest.cs": {
    "stateCleared": "modified",
  },
  "Jhipster/ClientApp/test/LoginTest.cs": {
    "stateCleared": "modified",
  },
  "Jhipster/ClientApp/test/Pages/Admin/UserManagement/UserDetailTest.cs": {
    "stateCleared": "modified",
  },
  "Jhipster/ClientApp/test/Pages/TestPages/TestAlertError.razor": {
    "stateCleared": "modified",
  },
  "Jhipster/ClientApp/test/Project.Client.Test.csproj": {
    "stateCleared": "modified",
  },
  "Jhipster/ClientApp/wwwroot/appsettings.Development.json": {
    "stateCleared": "modified",
  },
  "Jhipster/ClientApp/wwwroot/appsettings.Production.json": {
    "stateCleared": "modified",
  },
  "Jhipster/ClientApp/wwwroot/appsettings.json": {
    "stateCleared": "modified",
  },
  "Jhipster/ClientApp/wwwroot/content/css/loading.css": {
    "stateCleared": "modified",
  },
  "Jhipster/ClientApp/wwwroot/content/images/jhipster_family_member_0.svg": {
    "stateCleared": "modified",
  },
  "Jhipster/ClientApp/wwwroot/content/images/jhipster_family_member_0_head-192.png": {
    "stateCleared": "modified",
  },
  "Jhipster/ClientApp/wwwroot/content/images/jhipster_family_member_0_head-256.png": {
    "stateCleared": "modified",
  },
  "Jhipster/ClientApp/wwwroot/content/images/jhipster_family_member_0_head-384.png": {
    "stateCleared": "modified",
  },
  "Jhipster/ClientApp/wwwroot/content/images/jhipster_family_member_0_head-512.png": {
    "stateCleared": "modified",
  },
  "Jhipster/ClientApp/wwwroot/content/images/jhipster_family_member_1.svg": {
    "stateCleared": "modified",
  },
  "Jhipster/ClientApp/wwwroot/content/images/jhipster_family_member_1_head-192.png": {
    "stateCleared": "modified",
  },
  "Jhipster/ClientApp/wwwroot/content/images/jhipster_family_member_1_head-256.png": {
    "stateCleared": "modified",
  },
  "Jhipster/ClientApp/wwwroot/content/images/jhipster_family_member_1_head-384.png": {
    "stateCleared": "modified",
  },
  "Jhipster/ClientApp/wwwroot/content/images/jhipster_family_member_1_head-512.png": {
    "stateCleared": "modified",
  },
  "Jhipster/ClientApp/wwwroot/content/images/jhipster_family_member_2.svg": {
    "stateCleared": "modified",
  },
  "Jhipster/ClientApp/wwwroot/content/images/jhipster_family_member_2_head-192.png": {
    "stateCleared": "modified",
  },
  "Jhipster/ClientApp/wwwroot/content/images/jhipster_family_member_2_head-256.png": {
    "stateCleared": "modified",
  },
  "Jhipster/ClientApp/wwwroot/content/images/jhipster_family_member_2_head-384.png": {
    "stateCleared": "modified",
  },
  "Jhipster/ClientApp/wwwroot/content/images/jhipster_family_member_2_head-512.png": {
    "stateCleared": "modified",
  },
  "Jhipster/ClientApp/wwwroot/content/images/jhipster_family_member_3.svg": {
    "stateCleared": "modified",
  },
  "Jhipster/ClientApp/wwwroot/content/images/jhipster_family_member_3_head-192.png": {
    "stateCleared": "modified",
  },
  "Jhipster/ClientApp/wwwroot/content/images/jhipster_family_member_3_head-384.png": {
    "stateCleared": "modified",
  },
  "Jhipster/ClientApp/wwwroot/content/images/jhipster_family_member_3_head-512.png": {
    "stateCleared": "modified",
  },
  "Jhipster/ClientApp/wwwroot/content/images/logo-jhipster.png": {
    "stateCleared": "modified",
  },
  "Jhipster/ClientApp/wwwroot/content/scss/_bootstrap-variables.scss": {
    "stateCleared": "modified",
  },
  "Jhipster/ClientApp/wwwroot/content/scss/global.scss": {
    "stateCleared": "modified",
  },
  "Jhipster/ClientApp/wwwroot/content/scss/vendor.scss": {
    "stateCleared": "modified",
  },
  "Jhipster/ClientApp/wwwroot/favicon.ico": {
    "stateCleared": "modified",
  },
  "Jhipster/ClientApp/wwwroot/index.html": {
    "stateCleared": "modified",
  },
  "Jhipster/ClientApp/wwwroot/manifest.webapp": {
    "stateCleared": "modified",
  },
  "Jhipster/ClientApp/wwwroot/robots.txt": {
    "stateCleared": "modified",
  },
  "Project.Client.Shared/Constants/ErrorConst.cs": {
    "stateCleared": "modified",
  },
  "Project.Client.Shared/Constants/TypeAlert.cs": {
    "stateCleared": "modified",
  },
  "Project.Client.Shared/Models/JhiAlert.cs": {
    "stateCleared": "modified",
  },
  "Project.Client.Shared/Project.Client.Shared.csproj": {
    "stateCleared": "modified",
  },
  "src/Jhipster.Client/Models/PersonModel.cs": {
    "stateCleared": "modified",
  },
  "src/Jhipster.Client/Pages/Entities/Person/_entityClass_.razor": {
    "stateCleared": "modified",
  },
  "src/Jhipster.Client/Pages/Entities/Person/_entityClass_.razor.cs": {
    "stateCleared": "modified",
  },
  "src/Jhipster.Client/Pages/Entities/Person/_entityClass_Detail.razor": {
    "stateCleared": "modified",
  },
  "src/Jhipster.Client/Pages/Entities/Person/_entityClass_Detail.razor.cs": {
    "stateCleared": "modified",
  },
  "src/Jhipster.Client/Pages/Entities/Person/_entityClass_Update.razor": {
    "stateCleared": "modified",
  },
  "src/Jhipster.Client/Pages/Entities/Person/_entityClass_Update.razor.cs": {
    "stateCleared": "modified",
  },
  "src/Jhipster.Client/Services/EntityServices/Person/_entityClass_Service.cs": {
    "stateCleared": "modified",
  },
  "test/Jhipster.Client.Test/Pages/Entities/Person/_entityClass_DetailTest.cs": {
    "stateCleared": "modified",
  },
  "test/Jhipster.Client.Test/Pages/Entities/Person/_entityClass_Test.cs": {
    "stateCleared": "modified",
  },
  "test/Jhipster.Client.Test/Pages/Entities/Person/_entityClass_UpdateTest.cs": {
    "stateCleared": "modified",
  },
}
`;

exports[`SubGenerator blazor of dotnetcore JHipster blueprint > run > execute commands 1`] = `
[
  [
    "spawnCommand",
    "dotnet new sln --name Jhipster",
  ],
  [
    "spawnCommand",
    "dotnet sln Jhipster.sln add src/client/Jhipster.Client/Jhipster.Client.csproj src/client/Jhipster.Client.Shared/Jhipster.Client.Shared.csproj test/Jhipster.Client.Test/Jhipster.Client.Test.csproj",
  ],
  [
    "spawnCommand",
    "libman",
  ],
  [
    "spawnCommand",
    "webcompiler",
  ],
]
`;

exports[`SubGenerator blazor of dotnetcore JHipster blueprint > run > should succeed 1`] = `
{
  ".yo-rc.json": {
    "stateCleared": "modified",
  },
  "Jhipster.Client.Test/AlertErrorTest.cs": {
    "stateCleared": "modified",
  },
  "Jhipster.Client.Test/Helpers/AuthorizationHelper.cs": {
    "stateCleared": "modified",
  },
  "Jhipster.Client.Test/Helpers/MockAuthenticationService.cs": {
    "stateCleared": "modified",
  },
  "Jhipster.Client.Test/Helpers/MockAuthorizationPolicyProvider.cs": {
    "stateCleared": "modified",
  },
  "Jhipster.Client.Test/Helpers/MockAuthorizationService.cs": {
    "stateCleared": "modified",
  },
  "Jhipster.Client.Test/Helpers/MockRegisterService.cs": {
    "stateCleared": "modified",
  },
  "Jhipster.Client.Test/Helpers/TestPolicyRequirement.cs": {
    "stateCleared": "modified",
  },
  "Jhipster.Client.Test/IndexTest.cs": {
    "stateCleared": "modified",
  },
  "Jhipster.Client.Test/LoginTest.cs": {
    "stateCleared": "modified",
  },
  "Jhipster.Client.Test/Pages/Admin/UserManagement/UserDetailTest.cs": {
    "stateCleared": "modified",
  },
  "Jhipster.Client.Test/Pages/TestPages/TestAlertError.razor": {
    "stateCleared": "modified",
  },
  "Jhipster.Client.Test/Project.Client.Test.csproj": {
    "stateCleared": "modified",
  },
  "Project.Client.Shared/Constants/ErrorConst.cs": {
    "stateCleared": "modified",
  },
  "Project.Client.Shared/Constants/TypeAlert.cs": {
    "stateCleared": "modified",
  },
  "Project.Client.Shared/Models/JhiAlert.cs": {
    "stateCleared": "modified",
  },
  "Project.Client.Shared/Project.Client.Shared.csproj": {
    "stateCleared": "modified",
  },
  "client/Jhipster.Client/App.razor": {
    "stateCleared": "modified",
  },
  "client/Jhipster.Client/App.razor.cs": {
    "stateCleared": "modified",
  },
  "client/Jhipster.Client/AutoMapper/AutoMapperProfile.cs": {
    "stateCleared": "modified",
  },
  "client/Jhipster.Client/Models/BaseModel.cs": {
    "stateCleared": "modified",
  },
  "client/Jhipster.Client/Models/ConfigurationModel.cs": {
    "stateCleared": "modified",
  },
  "client/Jhipster.Client/Models/JwtToken.cs": {
    "stateCleared": "modified",
  },
  "client/Jhipster.Client/Models/LoginModel.cs": {
    "stateCleared": "modified",
  },
  "client/Jhipster.Client/Models/Register/RegisterModel.cs": {
    "stateCleared": "modified",
  },
  "client/Jhipster.Client/Models/Register/RegisterResultRequest.cs": {
    "stateCleared": "modified",
  },
  "client/Jhipster.Client/Models/Register/UserSaveModel.cs": {
    "stateCleared": "modified",
  },
  "client/Jhipster.Client/Models/UserModel.cs": {
    "stateCleared": "modified",
  },
  "client/Jhipster.Client/Pages/Account/Register.razor": {
    "stateCleared": "modified",
  },
  "client/Jhipster.Client/Pages/Account/Register.razor.cs": {
    "stateCleared": "modified",
  },
  "client/Jhipster.Client/Pages/Admin/UserManagement/UserDetail.razor": {
    "stateCleared": "modified",
  },
  "client/Jhipster.Client/Pages/Admin/UserManagement/UserDetail.razor.cs": {
    "stateCleared": "modified",
  },
  "client/Jhipster.Client/Pages/Admin/UserManagement/UserManagement.razor": {
    "stateCleared": "modified",
  },
  "client/Jhipster.Client/Pages/Admin/UserManagement/UserManagement.razor.cs": {
    "stateCleared": "modified",
  },
  "client/Jhipster.Client/Pages/Admin/UserManagement/UserUpdate.razor": {
    "stateCleared": "modified",
  },
  "client/Jhipster.Client/Pages/Admin/UserManagement/UserUpdate.razor.cs": {
    "stateCleared": "modified",
  },
  "client/Jhipster.Client/Pages/Index.razor": {
    "stateCleared": "modified",
  },
  "client/Jhipster.Client/Pages/Index.razor.cs": {
    "stateCleared": "modified",
  },
  "client/Jhipster.Client/Pages/Login.razor": {
    "stateCleared": "modified",
  },
  "client/Jhipster.Client/Pages/Login.razor.cs": {
    "stateCleared": "modified",
  },
  "client/Jhipster.Client/Pages/Utils/INavigationService.cs": {
    "stateCleared": "modified",
  },
  "client/Jhipster.Client/Pages/Utils/NavigationService.cs": {
    "stateCleared": "modified",
  },
  "client/Jhipster.Client/Program.cs": {
    "stateCleared": "modified",
  },
  "client/Jhipster.Client/Project.Client.csproj": {
    "stateCleared": "modified",
  },
  "client/Jhipster.Client/Properties/launchSettings.json": {
    "stateCleared": "modified",
  },
  "client/Jhipster.Client/Services/AccountServices/IRegisterService.cs": {
    "stateCleared": "modified",
  },
  "client/Jhipster.Client/Services/AccountServices/RegisterService.cs": {
    "stateCleared": "modified",
  },
  "client/Jhipster.Client/Services/AuthenticationService.cs": {
    "stateCleared": "modified",
  },
  "client/Jhipster.Client/Services/EntityServices/AbstractEntityService.cs": {
    "stateCleared": "modified",
  },
  "client/Jhipster.Client/Services/EntityServices/User/IUserService.cs": {
    "stateCleared": "modified",
  },
  "client/Jhipster.Client/Services/EntityServices/User/UserService.cs": {
    "stateCleared": "modified",
  },
  "client/Jhipster.Client/Services/IAuthenticationService.cs": {
    "stateCleared": "modified",
  },
  "client/Jhipster.Client/Shared/Components/AlertError.razor": {
    "stateCleared": "modified",
  },
  "client/Jhipster.Client/Shared/Components/AlertError.razor.cs": {
    "stateCleared": "modified",
  },
  "client/Jhipster.Client/Shared/Components/DynInputText.razor": {
    "stateCleared": "modified",
  },
  "client/Jhipster.Client/Shared/DeleteModal.razor": {
    "stateCleared": "modified",
  },
  "client/Jhipster.Client/Shared/DeleteModal.razor.cs": {
    "stateCleared": "modified",
  },
  "client/Jhipster.Client/Shared/MainLayout.razor": {
    "stateCleared": "modified",
  },
  "client/Jhipster.Client/Shared/NavMenu.razor": {
    "stateCleared": "modified",
  },
  "client/Jhipster.Client/Shared/NavMenu.razor.cs": {
    "stateCleared": "modified",
  },
  "client/Jhipster.Client/_Imports.razor": {
    "stateCleared": "modified",
  },
  "client/Jhipster.Client/libman.json": {
    "stateCleared": "modified",
  },
  "client/Jhipster.Client/wwwroot/appsettings.Development.json": {
    "stateCleared": "modified",
  },
  "client/Jhipster.Client/wwwroot/appsettings.Production.json": {
    "stateCleared": "modified",
  },
  "client/Jhipster.Client/wwwroot/appsettings.json": {
    "stateCleared": "modified",
  },
  "client/Jhipster.Client/wwwroot/content/css/loading.css": {
    "stateCleared": "modified",
  },
  "client/Jhipster.Client/wwwroot/content/images/jhipster_family_member_0.svg": {
    "stateCleared": "modified",
  },
  "client/Jhipster.Client/wwwroot/content/images/jhipster_family_member_0_head-192.png": {
    "stateCleared": "modified",
  },
  "client/Jhipster.Client/wwwroot/content/images/jhipster_family_member_0_head-256.png": {
    "stateCleared": "modified",
  },
  "client/Jhipster.Client/wwwroot/content/images/jhipster_family_member_0_head-384.png": {
    "stateCleared": "modified",
  },
  "client/Jhipster.Client/wwwroot/content/images/jhipster_family_member_0_head-512.png": {
    "stateCleared": "modified",
  },
  "client/Jhipster.Client/wwwroot/content/images/jhipster_family_member_1.svg": {
    "stateCleared": "modified",
  },
  "client/Jhipster.Client/wwwroot/content/images/jhipster_family_member_1_head-192.png": {
    "stateCleared": "modified",
  },
  "client/Jhipster.Client/wwwroot/content/images/jhipster_family_member_1_head-256.png": {
    "stateCleared": "modified",
  },
  "client/Jhipster.Client/wwwroot/content/images/jhipster_family_member_1_head-384.png": {
    "stateCleared": "modified",
  },
  "client/Jhipster.Client/wwwroot/content/images/jhipster_family_member_1_head-512.png": {
    "stateCleared": "modified",
  },
  "client/Jhipster.Client/wwwroot/content/images/jhipster_family_member_2.svg": {
    "stateCleared": "modified",
  },
  "client/Jhipster.Client/wwwroot/content/images/jhipster_family_member_2_head-192.png": {
    "stateCleared": "modified",
  },
  "client/Jhipster.Client/wwwroot/content/images/jhipster_family_member_2_head-256.png": {
    "stateCleared": "modified",
  },
  "client/Jhipster.Client/wwwroot/content/images/jhipster_family_member_2_head-384.png": {
    "stateCleared": "modified",
  },
  "client/Jhipster.Client/wwwroot/content/images/jhipster_family_member_2_head-512.png": {
    "stateCleared": "modified",
  },
  "client/Jhipster.Client/wwwroot/content/images/jhipster_family_member_3.svg": {
    "stateCleared": "modified",
  },
  "client/Jhipster.Client/wwwroot/content/images/jhipster_family_member_3_head-192.png": {
    "stateCleared": "modified",
  },
  "client/Jhipster.Client/wwwroot/content/images/jhipster_family_member_3_head-384.png": {
    "stateCleared": "modified",
  },
  "client/Jhipster.Client/wwwroot/content/images/jhipster_family_member_3_head-512.png": {
    "stateCleared": "modified",
  },
  "client/Jhipster.Client/wwwroot/content/images/logo-jhipster.png": {
    "stateCleared": "modified",
  },
  "client/Jhipster.Client/wwwroot/content/scss/_bootstrap-variables.scss": {
    "stateCleared": "modified",
  },
  "client/Jhipster.Client/wwwroot/content/scss/global.scss": {
    "stateCleared": "modified",
  },
  "client/Jhipster.Client/wwwroot/content/scss/vendor.scss": {
    "stateCleared": "modified",
  },
  "client/Jhipster.Client/wwwroot/favicon.ico": {
    "stateCleared": "modified",
  },
  "client/Jhipster.Client/wwwroot/index.html": {
    "stateCleared": "modified",
  },
  "client/Jhipster.Client/wwwroot/manifest.webapp": {
    "stateCleared": "modified",
  },
  "client/Jhipster.Client/wwwroot/robots.txt": {
    "stateCleared": "modified",
  },
}
`;
